// Jest Snapshot v1, https://goo.gl/fbAQLP

exports[`DID Helper creates a DID Document 1`] = `
Object {
  "@context": Array [
    "https://w3id.org/did/v1",
    "https://owlmeans.com/schemas/did-schema.json#",
  ],
  "assertionMethod": Any<String>,
  "id": Any<String>,
  "proof": Object {
    "created": Any<String>,
    "jws": Any<String>,
    "proofPurpose": "verificationMethod",
    "type": "EcdsaSecp256k1Signature2019",
    "verificationMethod": Any<String>,
  },
  "verificationMethod": Object {
    "controller": Any<String>,
    "id": Any<String>,
    "nonce": Any<String>,
    "publicKeyBase58": Any<String>,
    "type": "EcdsaSecp256k1VerificationKey2019",
  },
}
`;
