// Jest Snapshot v1, https://goo.gl/fbAQLP

exports[`SSI Verifiable Credential creates Credentail 1`] = `
Object {
  "@context": Array [
    "https://www.w3.org/2018/credentials/v1",
    Object {
      "@version": 1.1,
      "data": Object {
        "@context": Object {
          "worker": Object {
            "@id": "exam:worker",
            "@type": "xsd:string",
          },
        },
        "@id": "exam:data",
        "@type": "@id",
      },
      "exam": "https://example.org/vc-schema#",
      "xsd": "http://www.w3.org/2001/XMLSchema#",
    },
  ],
  "credentialSubject": Object {
    "data": Object {
      "@type": "TestCredentialSubjectDataType",
      "worker": "Valentin Michalych",
    },
  },
  "holder": Any<Object>,
  "id": Any<String>,
  "issuanceDate": Any<String>,
  "type": Array [
    "VerifiableCredential",
    "TestCredential",
  ],
}
`;

exports[`SSI Verifiable Credential creates unsigned verifiable Presentation 1`] = `
Object {
  "@context": Array [
    "https://www.w3.org/2018/credentials/v1",
  ],
  "holder": Any<Object>,
  "id": Any<String>,
  "type": Array [
    "VerifiablePresentation",
    "TestPresentation",
  ],
  "verifiableCredential": Array [
    Object {
      "@context": Array [
        "https://www.w3.org/2018/credentials/v1",
        Object {
          "@version": 1.1,
          "data": Object {
            "@context": Object {
              "worker": Object {
                "@id": "exam:worker",
                "@type": "xsd:string",
              },
            },
            "@id": "exam:data",
            "@type": "@id",
          },
          "exam": "https://example.org/vc-schema#",
          "xsd": "http://www.w3.org/2001/XMLSchema#",
        },
      ],
      "credentialSubject": Object {
        "data": Object {
          "@type": "TestCredentialSubjectDataType",
          "worker": "Valentin Michalych",
        },
      },
      "holder": Any<Object>,
      "id": Any<String>,
      "issuanceDate": Any<String>,
      "issuer": Any<Object>,
      "proof": Object {
        "created": Any<String>,
        "jws": Any<String>,
        "proofPurpose": "assertionMethod",
        "type": "EcdsaSecp256k1Signature2019",
        "verificationMethod": Any<String>,
      },
      "type": Array [
        "VerifiableCredential",
        "TestCredential",
      ],
    },
  ],
}
`;

exports[`SSI Verifiable Credential signs Credential 1`] = `
Object {
  "@context": Array [
    "https://www.w3.org/2018/credentials/v1",
    Object {
      "@version": 1.1,
      "data": Object {
        "@context": Object {
          "worker": Object {
            "@id": "exam:worker",
            "@type": "xsd:string",
          },
        },
        "@id": "exam:data",
        "@type": "@id",
      },
      "exam": "https://example.org/vc-schema#",
      "xsd": "http://www.w3.org/2001/XMLSchema#",
    },
  ],
  "credentialSubject": Object {
    "data": Object {
      "@type": "TestCredentialSubjectDataType",
      "worker": "Valentin Michalych",
    },
  },
  "holder": Any<Object>,
  "id": Any<String>,
  "issuanceDate": Any<String>,
  "issuer": Any<Object>,
  "proof": Object {
    "created": Any<String>,
    "jws": Any<String>,
    "proofPurpose": "assertionMethod",
    "type": "EcdsaSecp256k1Signature2019",
    "verificationMethod": Any<String>,
  },
  "type": Array [
    "VerifiableCredential",
    "TestCredential",
  ],
}
`;

exports[`SSI Verifiable Credential signs verifiable Presentation 1`] = `
Object {
  "@context": Array [
    "https://www.w3.org/2018/credentials/v1",
  ],
  "holder": Any<Object>,
  "id": Any<String>,
  "proof": Object {
    "challenge": Any<String>,
    "created": Any<String>,
    "domain": Any<String>,
    "jws": Any<String>,
    "proofPurpose": "authentication",
    "type": "EcdsaSecp256k1Signature2019",
    "verificationMethod": Any<String>,
  },
  "type": Array [
    "VerifiablePresentation",
    "TestPresentation",
  ],
  "verifiableCredential": Array [
    Object {
      "@context": Array [
        "https://www.w3.org/2018/credentials/v1",
        Object {
          "@version": 1.1,
          "data": Object {
            "@context": Object {
              "worker": Object {
                "@id": "exam:worker",
                "@type": "xsd:string",
              },
            },
            "@id": "exam:data",
            "@type": "@id",
          },
          "exam": "https://example.org/vc-schema#",
          "xsd": "http://www.w3.org/2001/XMLSchema#",
        },
      ],
      "credentialSubject": Object {
        "data": Object {
          "@type": "TestCredentialSubjectDataType",
          "worker": "Valentin Michalych",
        },
      },
      "holder": Any<Object>,
      "id": Any<String>,
      "issuanceDate": Any<String>,
      "issuer": Any<Object>,
      "proof": Object {
        "created": Any<String>,
        "jws": Any<String>,
        "proofPurpose": "assertionMethod",
        "type": "EcdsaSecp256k1Signature2019",
        "verificationMethod": Any<String>,
      },
      "type": Array [
        "VerifiableCredential",
        "TestCredential",
      ],
    },
  ],
}
`;
